// Jest Snapshot v1, https://goo.gl/fbAQLP

exports[`FilterBtn render 1`] = `
Array [
  <View
    style={
      Array [
        Object {
          "elevation": 8,
          "marginTop": 20,
          "shadowColor": "#f38aa9",
          "shadowOffset": Object {
            "height": 6,
            "width": 0,
          },
          "shadowOpacity": 0.7,
          "shadowRadius": 4.65,
        },
        Object {
          "width": "48%",
        },
      ]
    }
  >
    <ViewManagerAdapter_ExpoLinearGradient
      proxiedProperties={
        Object {
          "colors": Array [
            4293488030,
            4294945423,
          ],
          "endPoint": Array [
            0.9,
            0.1,
          ],
          "locations": undefined,
          "startPoint": Array [
            0.1,
            0.9,
          ],
        }
      }
      style={
        Object {
          "borderRadius": 10,
          "padding": 20,
        }
      }
    >
      <Text
        style={
          Object {
            "color": "white",
            "fontSize": 15,
            "fontWeight": "300",
          }
        }
      >
        Spent
      </Text>
      <Text
        style={
          Object {
            "color": "white",
            "fontSize": 18,
            "fontWeight": "400",
            "marginBottom": 5,
            "marginTop": 5,
          }
        }
      >
        -$400.00
      </Text>
      <Text
        style={
          Object {
            "color": "white",
            "fontSize": 15,
            "fontWeight": "300",
          }
        }
      >
        Expense
      </Text>
    </ViewManagerAdapter_ExpoLinearGradient>
  </View>,
  <View
    style={
      Array [
        Object {
          "elevation": 8,
          "marginTop": 20,
          "shadowColor": "#70ea93",
          "shadowOffset": Object {
            "height": 6,
            "width": 0,
          },
          "shadowOpacity": 0.7,
          "shadowRadius": 4.65,
        },
        Object {
          "width": "48%",
        },
      ]
    }
  >
    <ViewManagerAdapter_ExpoLinearGradient
      proxiedProperties={
        Object {
          "colors": Array [
            4281321625,
            4286115731,
          ],
          "endPoint": Array [
            0.9,
            0.1,
          ],
          "locations": undefined,
          "startPoint": Array [
            0.1,
            0.9,
          ],
        }
      }
      style={
        Object {
          "borderRadius": 10,
          "padding": 20,
        }
      }
    >
      <Text
        style={
          Object {
            "color": "white",
            "fontSize": 15,
            "fontWeight": "300",
          }
        }
      >
        Earned
      </Text>
      <Text
        style={
          Object {
            "color": "white",
            "fontSize": 18,
            "fontWeight": "400",
            "marginBottom": 5,
            "marginTop": 5,
          }
        }
      >
        +$680.00
      </Text>
      <Text
        style={
          Object {
            "color": "white",
            "fontSize": 15,
            "fontWeight": "300",
          }
        }
      >
        Incomes
      </Text>
    </ViewManagerAdapter_ExpoLinearGradient>
  </View>,
]
`;
