// Jest Snapshot v1, https://goo.gl/fbAQLP

exports[`Stats render 1`] = `
<View
  style={
    Object {
      "flex": 1,
      "flexDirection": "column",
    }
  }
>
  <Modal
    hardwareAccelerated={false}
    onRequestClose={[Function]}
    theme={
      Object {
        "colors": Object {
          "disabled": "hsl(208, 8%, 90%)",
          "divider": "#bcbbc1",
          "error": "#ff190c",
          "grey0": "#393e42",
          "grey1": "#43484d",
          "grey2": "#5e6977",
          "grey3": "#86939e",
          "grey4": "#bdc6cf",
          "grey5": "#e1e8ee",
          "greyOutline": "#bbb",
          "platform": Object {
            "android": Object {
              "error": "#f44336",
              "primary": "#2196f3",
              "secondary": "#9C27B0",
              "success": "#4caf50",
              "warning": "#ffeb3b",
            },
            "ios": Object {
              "error": "#ff3b30",
              "primary": "#007aff",
              "secondary": "#5856d6",
              "success": "#4cd964",
              "warning": "#ffcc00",
            },
          },
          "primary": "#2089dc",
          "searchBg": "#303337",
          "secondary": "#8F0CE8",
          "success": "#52c41a",
          "warning": "#faad14",
        },
      }
    }
    transparent={true}
    visible={false}
  >
    <View
      accessible={true}
      onResponderGrant={[Function]}
      onResponderMove={[Function]}
      onResponderRelease={[Function]}
      onResponderTerminate={[Function]}
      onResponderTerminationRequest={[Function]}
      onStartShouldSetResponder={[Function]}
      style={
        Object {
          "alignItems": "center",
          "backgroundColor": "rgba(0, 0, 0, .4)",
          "height": "100%",
          "justifyContent": "center",
          "left": 0,
          "position": "absolute",
          "top": 0,
          "width": "100%",
        }
      }
      testID="RNE__Overlay__backdrop"
    />
    <View
      pointerEvents="box-none"
      style={
        Object {
          "alignItems": "center",
          "flex": 1,
          "justifyContent": "center",
        }
      }
    >
      <View
        style={
          Object {
            "backgroundColor": "white",
            "borderRadius": 3,
            "height": 200,
            "padding": 10,
            "shadowColor": "rgba(0, 0, 0, .3)",
            "shadowOffset": Object {
              "height": 1,
              "width": 0,
            },
            "shadowRadius": 4,
            "width": 670,
          }
        }
      >
        <View>
          <View
            style={
              Object {
                "flexDirection": "row",
                "justifyContent": "flex-end",
              }
            }
          >
            <View
              style={
                Object {
                  "borderRadius": 3,
                }
              }
            >
              <View
                accessible={true}
                isTVSelectable={true}
                onResponderGrant={[Function]}
                onResponderMove={[Function]}
                onResponderRelease={[Function]}
                onResponderTerminate={[Function]}
                onResponderTerminationRequest={[Function]}
                onStartShouldSetResponder={[Function]}
                style={
                  Object {
                    "opacity": 1,
                  }
                }
              >
                <View
                  style={
                    Object {
                      "alignItems": "center",
                      "backgroundColor": "transparent",
                      "borderColor": "#2089dc",
                      "borderRadius": 3,
                      "borderWidth": 0,
                      "flexDirection": "row",
                      "justifyContent": "center",
                      "padding": 8,
                    }
                  }
                >
                  <View
                    style={
                      Object {
                        "marginHorizontal": 5,
                      }
                    }
                  >
                    <View
                      style={
                        Object {
                          "alignItems": "center",
                          "backgroundColor": "transparent",
                          "justifyContent": "center",
                        }
                      }
                      theme={
                        Object {
                          "colors": Object {
                            "disabled": "hsl(208, 8%, 90%)",
                            "divider": "#bcbbc1",
                            "error": "#ff190c",
                            "grey0": "#393e42",
                            "grey1": "#43484d",
                            "grey2": "#5e6977",
                            "grey3": "#86939e",
                            "grey4": "#bdc6cf",
                            "grey5": "#e1e8ee",
                            "greyOutline": "#bbb",
                            "platform": Object {
                              "android": Object {
                                "error": "#f44336",
                                "primary": "#2196f3",
                                "secondary": "#9C27B0",
                                "success": "#4caf50",
                                "warning": "#ffeb3b",
                              },
                              "ios": Object {
                                "error": "#ff3b30",
                                "primary": "#007aff",
                                "secondary": "#5856d6",
                                "success": "#4cd964",
                                "warning": "#ffcc00",
                              },
                            },
                            "primary": "#2089dc",
                            "searchBg": "#303337",
                            "secondary": "#8F0CE8",
                            "success": "#52c41a",
                            "warning": "#faad14",
                          },
                        }
                      }
                      underlayColor="white"
                    >
                      <Text />
                    </View>
                  </View>
                </View>
              </View>
            </View>
          </View>
          <View
            style={
              Object {
                "marginTop": 20,
              }
            }
          >
            <View
              accessible={true}
              isTVSelectable={true}
              onResponderGrant={[Function]}
              onResponderMove={[Function]}
              onResponderRelease={[Function]}
              onResponderTerminate={[Function]}
              onResponderTerminationRequest={[Function]}
              onStartShouldSetResponder={[Function]}
              style={null}
            >
              <View
                style={
                  Object {
                    "alignItems": "center",
                    "backgroundColor": "white",
                    "borderBottomWidth": 0.5,
                    "borderColor": "#bcbbc1",
                    "borderTopWidth": 0.5,
                    "flexDirection": "row",
                    "padding": 14,
                  }
                }
              >
                <View
                  style={
                    Object {
                      "flex": 1,
                      "justifyContent": "center",
                    }
                  }
                >
                  <Text
                    style={
                      Object {
                        "backgroundColor": "transparent",
                        "fontSize": 17,
                      }
                    }
                    testID="listItemTitle"
                    theme={
                      Object {
                        "colors": Object {
                          "disabled": "hsl(208, 8%, 90%)",
                          "divider": "#bcbbc1",
                          "error": "#ff190c",
                          "grey0": "#393e42",
                          "grey1": "#43484d",
                          "grey2": "#5e6977",
                          "grey3": "#86939e",
                          "grey4": "#bdc6cf",
                          "grey5": "#e1e8ee",
                          "greyOutline": "#bbb",
                          "platform": Object {
                            "android": Object {
                              "error": "#f44336",
                              "primary": "#2196f3",
                              "secondary": "#9C27B0",
                              "success": "#4caf50",
                              "warning": "#ffeb3b",
                            },
                            "ios": Object {
                              "error": "#ff3b30",
                              "primary": "#007aff",
                              "secondary": "#5856d6",
                              "success": "#4cd964",
                              "warning": "#ffcc00",
                            },
                          },
                          "primary": "#2089dc",
                          "searchBg": "#303337",
                          "secondary": "#8F0CE8",
                          "success": "#52c41a",
                          "warning": "#faad14",
                        },
                      }
                    }
                  >
                    Month
                  </Text>
                </View>
              </View>
            </View>
            <View
              accessible={true}
              isTVSelectable={true}
              onResponderGrant={[Function]}
              onResponderMove={[Function]}
              onResponderRelease={[Function]}
              onResponderTerminate={[Function]}
              onResponderTerminationRequest={[Function]}
              onStartShouldSetResponder={[Function]}
              style={null}
            >
              <View
                style={
                  Object {
                    "alignItems": "center",
                    "backgroundColor": "white",
                    "borderBottomWidth": 0.5,
                    "borderColor": "#bcbbc1",
                    "flexDirection": "row",
                    "padding": 14,
                  }
                }
              >
                <View
                  style={
                    Object {
                      "flex": 1,
                      "justifyContent": "center",
                    }
                  }
                >
                  <Text
                    style={
                      Object {
                        "backgroundColor": "transparent",
                        "fontSize": 17,
                      }
                    }
                    testID="listItemTitle"
                    theme={
                      Object {
                        "colors": Object {
                          "disabled": "hsl(208, 8%, 90%)",
                          "divider": "#bcbbc1",
                          "error": "#ff190c",
                          "grey0": "#393e42",
                          "grey1": "#43484d",
                          "grey2": "#5e6977",
                          "grey3": "#86939e",
                          "grey4": "#bdc6cf",
                          "grey5": "#e1e8ee",
                          "greyOutline": "#bbb",
                          "platform": Object {
                            "android": Object {
                              "error": "#f44336",
                              "primary": "#2196f3",
                              "secondary": "#9C27B0",
                              "success": "#4caf50",
                              "warning": "#ffeb3b",
                            },
                            "ios": Object {
                              "error": "#ff3b30",
                              "primary": "#007aff",
                              "secondary": "#5856d6",
                              "success": "#4cd964",
                              "warning": "#ffcc00",
                            },
                          },
                          "primary": "#2089dc",
                          "searchBg": "#303337",
                          "secondary": "#8F0CE8",
                          "success": "#52c41a",
                          "warning": "#faad14",
                        },
                      }
                    }
                  >
                    Year
                  </Text>
                </View>
              </View>
            </View>
          </View>
        </View>
      </View>
    </View>
  </Modal>
  <View
    style={
      Object {
        "alignItems": "flex-end",
        "flexDirection": "row",
        "height": 100,
        "justifyContent": "space-between",
        "paddingBottom": 20,
        "paddingLeft": 20,
        "paddingRight": 20,
      }
    }
  >
    <View
      style={
        Object {
          "flex": 1,
        }
      }
    >
      <View
        style={
          Object {
            "borderRadius": 3,
          }
        }
      >
        <View
          accessible={true}
          isTVSelectable={true}
          onResponderGrant={[Function]}
          onResponderMove={[Function]}
          onResponderRelease={[Function]}
          onResponderTerminate={[Function]}
          onResponderTerminationRequest={[Function]}
          onStartShouldSetResponder={[Function]}
          style={
            Object {
              "opacity": 1,
            }
          }
        >
          <View
            style={
              Object {
                "alignItems": "center",
                "backgroundColor": "transparent",
                "borderColor": "#2089dc",
                "borderRadius": 3,
                "borderWidth": 0,
                "flexDirection": "row",
                "justifyContent": "center",
                "padding": 8,
              }
            }
          />
        </View>
      </View>
    </View>
    <Text
      style={
        Array [
          Object {
            "fontSize": 20,
            "fontWeight": "500",
            "textAlign": "center",
          },
          Object {
            "flex": 1,
          },
        ]
      }
    >
      Activity
    </Text>
    <View
      style={
        Object {
          "alignItems": "flex-end",
          "flex": 1,
        }
      }
    >
      <View
        style={
          Object {
            "borderRadius": 3,
          }
        }
      >
        <View
          accessible={true}
          isTVSelectable={true}
          onResponderGrant={[Function]}
          onResponderMove={[Function]}
          onResponderRelease={[Function]}
          onResponderTerminate={[Function]}
          onResponderTerminationRequest={[Function]}
          onStartShouldSetResponder={[Function]}
          style={
            Object {
              "opacity": 1,
            }
          }
        >
          <View
            style={
              Object {
                "alignItems": "center",
                "backgroundColor": "transparent",
                "borderColor": "#2089dc",
                "borderRadius": 3,
                "borderWidth": 0,
                "flexDirection": "row",
                "justifyContent": "center",
                "padding": 8,
              }
            }
          >
            <View
              style={
                Object {
                  "marginHorizontal": 5,
                }
              }
            >
              <View
                style={
                  Object {
                    "alignItems": "center",
                    "backgroundColor": "transparent",
                    "justifyContent": "center",
                  }
                }
                theme={
                  Object {
                    "colors": Object {
                      "disabled": "hsl(208, 8%, 90%)",
                      "divider": "#bcbbc1",
                      "error": "#ff190c",
                      "grey0": "#393e42",
                      "grey1": "#43484d",
                      "grey2": "#5e6977",
                      "grey3": "#86939e",
                      "grey4": "#bdc6cf",
                      "grey5": "#e1e8ee",
                      "greyOutline": "#bbb",
                      "platform": Object {
                        "android": Object {
                          "error": "#f44336",
                          "primary": "#2196f3",
                          "secondary": "#9C27B0",
                          "success": "#4caf50",
                          "warning": "#ffeb3b",
                        },
                        "ios": Object {
                          "error": "#ff3b30",
                          "primary": "#007aff",
                          "secondary": "#5856d6",
                          "success": "#4cd964",
                          "warning": "#ffcc00",
                        },
                      },
                      "primary": "#2089dc",
                      "searchBg": "#303337",
                      "secondary": "#8F0CE8",
                      "success": "#52c41a",
                      "warning": "#faad14",
                    },
                  }
                }
                underlayColor="white"
              >
                <Text />
              </View>
            </View>
          </View>
        </View>
      </View>
    </View>
  </View>
  <View
    style={
      Object {
        "flexDirection": "row",
        "justifyContent": "space-around",
      }
    }
  >
    <View
      style={
        Object {
          "borderBottomColor": "white",
          "borderBottomWidth": 2,
          "borderRadius": 3,
          "flex": 1,
        }
      }
    >
      <View
        accessible={true}
        isTVSelectable={true}
        onResponderGrant={[Function]}
        onResponderMove={[Function]}
        onResponderRelease={[Function]}
        onResponderTerminate={[Function]}
        onResponderTerminationRequest={[Function]}
        onStartShouldSetResponder={[Function]}
        style={
          Object {
            "opacity": 1,
          }
        }
      >
        <View
          style={
            Object {
              "alignItems": "center",
              "backgroundColor": "transparent",
              "borderColor": "#2089dc",
              "borderRadius": 3,
              "borderWidth": 0,
              "flexDirection": "row",
              "justifyContent": "center",
              "padding": 8,
            }
          }
        >
          <Text
            style={
              Object {
                "color": "grey",
                "fontSize": 18,
                "paddingBottom": 1,
                "paddingTop": 2,
                "textAlign": "center",
              }
            }
          >
            Nov 2019
          </Text>
        </View>
      </View>
    </View>
    <View
      style={
        Object {
          "borderBottomColor": "#30d29d",
          "borderBottomWidth": 2,
          "flex": 1,
          "justifyContent": "center",
        }
      }
    >
      <Text
        style={
          Object {
            "fontSize": 18,
            "fontWeight": "500",
            "textAlign": "center",
          }
        }
      >
        Dec 2019
      </Text>
    </View>
    <View
      style={
        Object {
          "borderBottomColor": "white",
          "borderBottomWidth": 2,
          "borderRadius": 3,
          "flex": 1,
        }
      }
    >
      <View
        accessible={true}
        isTVSelectable={true}
        onResponderGrant={[Function]}
        onResponderMove={[Function]}
        onResponderRelease={[Function]}
        onResponderTerminate={[Function]}
        onResponderTerminationRequest={[Function]}
        onStartShouldSetResponder={[Function]}
        style={
          Object {
            "opacity": 1,
          }
        }
      >
        <View
          style={
            Object {
              "alignItems": "center",
              "backgroundColor": "transparent",
              "borderColor": "#2089dc",
              "borderRadius": 3,
              "borderWidth": 0,
              "flexDirection": "row",
              "justifyContent": "center",
              "padding": 8,
            }
          }
        >
          <Text
            style={
              Object {
                "color": "grey",
                "fontSize": 18,
                "paddingBottom": 1,
                "paddingTop": 2,
                "textAlign": "center",
              }
            }
          >
            Jan 2020
          </Text>
        </View>
      </View>
    </View>
  </View>
  <RCTScrollView
    style={
      Object {
        "backgroundColor": "#f3f5fa",
        "flexDirection": "column",
        "paddingLeft": 20,
        "paddingRight": 20,
      }
    }
  >
    <View>
      <View
        style={
          Object {
            "marginBottom": 20,
          }
        }
      >
        <View
          style={
            Object {
              "flexDirection": "row",
              "justifyContent": "space-between",
            }
          }
        >
          <View
            style={
              Array [
                Object {
                  "elevation": 8,
                  "marginTop": 20,
                  "shadowColor": "#f38aa9",
                  "shadowOffset": Object {
                    "height": 6,
                    "width": 0,
                  },
                  "shadowOpacity": 0.7,
                  "shadowRadius": 4.65,
                },
                Object {
                  "width": "48%",
                },
              ]
            }
          >
            <ViewManagerAdapter_ExpoLinearGradient
              proxiedProperties={
                Object {
                  "colors": Array [
                    4293488030,
                    4294945423,
                  ],
                  "endPoint": Array [
                    0.9,
                    0.1,
                  ],
                  "locations": undefined,
                  "startPoint": Array [
                    0.1,
                    0.9,
                  ],
                }
              }
              style={
                Object {
                  "borderRadius": 10,
                  "padding": 20,
                }
              }
            >
              <Text
                style={
                  Object {
                    "color": "white",
                    "fontSize": 15,
                    "fontWeight": "300",
                  }
                }
              >
                Spent
              </Text>
              <Text
                style={
                  Object {
                    "color": "white",
                    "fontSize": 18,
                    "fontWeight": "400",
                    "marginBottom": 5,
                    "marginTop": 5,
                  }
                }
              >
                -$400.00
              </Text>
              <Text
                style={
                  Object {
                    "color": "white",
                    "fontSize": 15,
                    "fontWeight": "300",
                  }
                }
              >
                Expense
              </Text>
            </ViewManagerAdapter_ExpoLinearGradient>
          </View>
          <View
            style={
              Array [
                Object {
                  "elevation": 8,
                  "marginTop": 20,
                  "shadowColor": "#70ea93",
                  "shadowOffset": Object {
                    "height": 6,
                    "width": 0,
                  },
                  "shadowOpacity": 0.7,
                  "shadowRadius": 4.65,
                },
                Object {
                  "width": "48%",
                },
              ]
            }
          >
            <ViewManagerAdapter_ExpoLinearGradient
              proxiedProperties={
                Object {
                  "colors": Array [
                    4281321625,
                    4286115731,
                  ],
                  "endPoint": Array [
                    0.9,
                    0.1,
                  ],
                  "locations": undefined,
                  "startPoint": Array [
                    0.1,
                    0.9,
                  ],
                }
              }
              style={
                Object {
                  "borderRadius": 10,
                  "padding": 20,
                }
              }
            >
              <Text
                style={
                  Object {
                    "color": "white",
                    "fontSize": 15,
                    "fontWeight": "300",
                  }
                }
              >
                Earned
              </Text>
              <Text
                style={
                  Object {
                    "color": "white",
                    "fontSize": 18,
                    "fontWeight": "400",
                    "marginBottom": 5,
                    "marginTop": 5,
                  }
                }
              >
                +$680.00
              </Text>
              <Text
                style={
                  Object {
                    "color": "white",
                    "fontSize": 15,
                    "fontWeight": "300",
                  }
                }
              >
                Incomes
              </Text>
            </ViewManagerAdapter_ExpoLinearGradient>
          </View>
        </View>
        <View>
          <Text>
            You haven"t added any transactions yet
          </Text>
        </View>
      </View>
    </View>
  </RCTScrollView>
</View>
`;
